Build started 29/06/2026 1:54:10 pm.
Test run for D:\Learn\dotSymphony\tests\OpenSymphony.Cli.Tests\bin\Debug\net10.0\OpenSymphony.Cli.Tests.dll (.NETCoreApp,Version=v10.0)
A total of 1 test files matched the specified pattern.
[xUnit.net 00:00:00.00] xUnit.net VSTest Adapter v3.1.4+50e68bbb8b (64-bit .NET 10.0.8)
[xUnit.net 00:00:00.19]   Discovering: OpenSymphony.Cli.Tests
[xUnit.net 00:00:00.26]   Discovered:  OpenSymphony.Cli.Tests
[xUnit.net 00:00:00.31]   Starting:    OpenSymphony.Cli.Tests
Starting OpenSymphony orchestrator
  Config: C:\Users\hoang\AppData\Local\Temp\opensymphony-test-5836cb0de1cd49988276f485de11a89d\config.yaml
  Target repo: C:\Users\hoang\AppData\Local\Temp\opensymphony-test-5836cb0de1cd49988276f485de11a89d
  Workflow: C:\Users\hoang\AppData\Local\Temp\opensymphony-test-5836cb0de1cd49988276f485de11a89d\WORKFLOW.md
  Bind: 127.0.0.1:0
  Bootstrap: 1 issues loaded
info: Microsoft.Hosting.Lifetime[14]
      Now listening on: http://127.0.0.1:62817
info: Microsoft.Hosting.Lifetime[0]
      Application started. Press Ctrl+C to shut down.
info: Microsoft.Hosting.Lifetime[0]
      Hosting environment: Production
info: Microsoft.Hosting.Lifetime[0]
      Content root path: D:\Learn\dotSymphony\tests\OpenSymphony.Cli.Tests\bin\Debug\net10.0
  Control plane listening on 127.0.0.1:0
[FakeOpenHands] Added event ConversationStateUpdateEvent (evt-2), channel count now 1
[FakeOpenHands] WebSocket request received: /sockets/events/5a77d5b6-890e-4d24-873e-3c6488ef806d
[FakeOpenHands] WebSocket accepted
[FakeOpenHands] Sending ready event: ConversationStateUpdateEvent
[FakeOpenHands] Forwarding event ConversationStateUpdateEvent (evt-2) over WebSocket
[PushNewEvents] inserted 1: evt-2@2026-06-29T06:54:12.5553156+00:00
[PushNewEvents] state=idle terminal= cache=[evt-2]
[PrepareTurn] baseline count=1, ids=[evt-2]
[FakeOpenHands] Added event MessageEvent (evt-3), channel count now 0
[FakeOpenHands] Forwarding event MessageEvent (evt-3) over WebSocket
[FakeOpenHands] Added event ConversationStateUpdateEvent (evt-4), channel count now 0
[FakeOpenHands] Forwarding event ConversationStateUpdateEvent (evt-4) over WebSocket
[FakeOpenHands] Added event LLMCompletionLogEvent (evt-5), channel count now 0
[FakeOpenHands] Forwarding event LLMCompletionLogEvent (evt-5) over WebSocket
[FakeOpenHands] Added event ConversationStateUpdateEvent (evt-6), channel count now 1
[FakeOpenHands] Forwarding event ConversationStateUpdateEvent (evt-6) over WebSocket
[FakeOpenHands] WebSocket request received: /sockets/events/5a77d5b6-890e-4d24-873e-3c6488ef806d
[FakeOpenHands] WebSocket accepted
[FakeOpenHands] Sending ready event: ConversationStateUpdateEvent
[PushNewEvents] inserted 5: evt-2@2026-06-29T06:54:12.5553156+00:00,evt-3@2026-06-29T06:54:12.5563156+00:00,evt-4@2026-06-29T06:54:12.5573156+00:00,evt-5@2026-06-29T06:54:12.5583156+00:00,evt-6@2026-06-29T06:54:12.5593156+00:00
[PushNewEvents] state=finished terminal=Finished cache=[evt-2,evt-3,evt-4,evt-5,evt-6]
[PrepareTurn] baseline count=5, ids=[evt-2,evt-3,evt-4,evt-5,evt-6]
[FakeOpenHands] Added event MessageEvent (evt-7), channel count now 0
[FakeOpenHands] Forwarding event MessageEvent (evt-7) over WebSocket
[FakeOpenHands] Added event ConversationStateUpdateEvent (evt-8), channel count now 0
[FakeOpenHands] Forwarding event ConversationStateUpdateEvent (evt-8) over WebSocket
[FakeOpenHands] Added event LLMCompletionLogEvent (evt-9), channel count now 0
[FakeOpenHands] Added event ConversationStateUpdateEvent (evt-10), channel count now 1
[FakeOpenHands] Forwarding event LLMCompletionLogEvent (evt-9) over WebSocket
[FakeOpenHands] Forwarding event ConversationStateUpdateEvent (evt-10) over WebSocket
[FakeOpenHands] WebSocket request received: /sockets/events/5a77d5b6-890e-4d24-873e-3c6488ef806d
[FakeOpenHands] WebSocket accepted
[FakeOpenHands] Sending ready event: ConversationStateUpdateEvent
[PushNewEvents] inserted 9: evt-2@2026-06-29T06:54:12.5553156+00:00,evt-3@2026-06-29T06:54:12.5563156+00:00,evt-4@2026-06-29T06:54:12.5573156+00:00,evt-5@2026-06-29T06:54:12.5583156+00:00,evt-6@2026-06-29T06:54:12.5593156+00:00,evt-7@2026-06-29T06:54:12.5603156+00:00,evt-8@2026-06-29T06:54:12.5613156+00:00,evt-9@2026-06-29T06:54:12.5623156+00:00,evt-10@2026-06-29T06:54:12.5633156+00:00
[PushNewEvents] state=finished terminal=Finished cache=[evt-2,evt-3,evt-4,evt-5,evt-6,evt-7,evt-8,evt-9,evt-10]
[PrepareTurn] baseline count=9, ids=[evt-2,evt-3,evt-4,evt-5,evt-6,evt-7,evt-8,evt-9,evt-10]
[FakeOpenHands] Added event MessageEvent (evt-11), channel count now 0
[FakeOpenHands] Forwarding event MessageEvent (evt-11) over WebSocket
[FakeOpenHands] Added event ConversationStateUpdateEvent (evt-12), channel count now 0
[FakeOpenHands] Added event LLMCompletionLogEvent (evt-13), channel count now 0
[FakeOpenHands] Added event ConversationStateUpdateEvent (evt-14), channel count now 0
[FakeOpenHands] Forwarding event ConversationStateUpdateEvent (evt-12) over WebSocket
[FakeOpenHands] Forwarding event LLMCompletionLogEvent (evt-13) over WebSocket
[FakeOpenHands] Forwarding event ConversationStateUpdateEvent (evt-14) over WebSocket
[FakeOpenHands] WebSocket request received: /sockets/events/5a77d5b6-890e-4d24-873e-3c6488ef806d
[FakeOpenHands] WebSocket accepted
[FakeOpenHands] Sending ready event: ConversationStateUpdateEvent
[PushNewEvents] inserted 13: evt-2@2026-06-29T06:54:12.5553156+00:00,evt-3@2026-06-29T06:54:12.5563156+00:00,evt-4@2026-06-29T06:54:12.5573156+00:00,evt-5@2026-06-29T06:54:12.5583156+00:00,evt-6@2026-06-29T06:54:12.5593156+00:00,evt-7@2026-06-29T06:54:12.5603156+00:00,evt-8@2026-06-29T06:54:12.5613156+00:00,evt-9@2026-06-29T06:54:12.5623156+00:00,evt-10@2026-06-29T06:54:12.5633156+00:00,evt-11@2026-06-29T06:54:12.5643156+00:00,evt-12@2026-06-29T06:54:12.5653156+00:00,evt-13@2026-06-29T06:54:12.5663156+00:00,evt-14@2026-06-29T06:54:12.5673156+00:00
[PushNewEvents] state=finished terminal=Finished cache=[evt-2,evt-3,evt-4,evt-5,evt-6,evt-7,evt-8,evt-9,evt-10,evt-11,evt-12,evt-13,evt-14]
[PrepareTurn] baseline count=13, ids=[evt-2,evt-3,evt-4,evt-5,evt-6,evt-7,evt-8,evt-9,evt-10,evt-11,evt-12,evt-13,evt-14]
[FakeOpenHands] Added event MessageEvent (evt-15), channel count now 0
[FakeOpenHands] Forwarding event MessageEvent (evt-15) over WebSocket
[FakeOpenHands] Added event ConversationStateUpdateEvent (evt-16), channel count now 0
[FakeOpenHands] Forwarding event ConversationStateUpdateEvent (evt-16) over WebSocket
[FakeOpenHands] Added event LLMCompletionLogEvent (evt-17), channel count now 0
[FakeOpenHands] Added event ConversationStateUpdateEvent (evt-18), channel count now 0
[FakeOpenHands] Forwarding event ConversationStateUpdateEvent (evt-18) over WebSocket
[FakeOpenHands] Forwarding event LLMCompletionLogEvent (evt-17) over WebSocket
[FakeOpenHands] WebSocket request received: /sockets/events/5a77d5b6-890e-4d24-873e-3c6488ef806d
[FakeOpenHands] WebSocket accepted
[FakeOpenHands] Sending ready event: ConversationStateUpdateEvent
[PushNewEvents] inserted 17: evt-2@2026-06-29T06:54:12.5553156+00:00,evt-3@2026-06-29T06:54:12.5563156+00:00,evt-4@2026-06-29T06:54:12.5573156+00:00,evt-5@2026-06-29T06:54:12.5583156+00:00,evt-6@2026-06-29T06:54:12.5593156+00:00,evt-7@2026-06-29T06:54:12.5603156+00:00,evt-8@2026-06-29T06:54:12.5613156+00:00,evt-9@2026-06-29T06:54:12.5623156+00:00,evt-10@2026-06-29T06:54:12.5633156+00:00,evt-11@2026-06-29T06:54:12.5643156+00:00,evt-12@2026-06-29T06:54:12.5653156+00:00,evt-13@2026-06-29T06:54:12.5663156+00:00,evt-14@2026-06-29T06:54:12.5673156+00:00,evt-15@2026-06-29T06:54:12.5683156+00:00,evt-16@2026-06-29T06:54:12.5693156+00:00,evt-17@2026-06-29T06:54:12.5703156+00:00,evt-18@2026-06-29T06:54:12.5713156+00:00
[PushNewEvents] state=finished terminal=Finished cache=[evt-2,evt-3,evt-4,evt-5,evt-6,evt-7,evt-8,evt-9,evt-10,evt-11,evt-12,evt-13,evt-14,evt-15,evt-16,evt-17,evt-18]
[PrepareTurn] baseline count=17, ids=[evt-2,evt-3,evt-4,evt-5,evt-6,evt-7,evt-8,evt-9,evt-10,evt-11,evt-12,evt-13,evt-14,evt-15,evt-16,evt-17,evt-18]
[FakeOpenHands] Added event MessageEvent (evt-19), channel count now 0
[FakeOpenHands] Forwarding event MessageEvent (evt-19) over WebSocket
[FakeOpenHands] Added event ConversationStateUpdateEvent (evt-20), channel count now 0
[FakeOpenHands] Added event LLMCompletionLogEvent (evt-21), channel count now 0
[FakeOpenHands] Added event ConversationStateUpdateEvent (evt-22), channel count now 0
[FakeOpenHands] Forwarding event ConversationStateUpdateEvent (evt-20) over WebSocket
[FakeOpenHands] Forwarding event LLMCompletionLogEvent (evt-21) over WebSocket
[FakeOpenHands] Forwarding event ConversationStateUpdateEvent (evt-22) over WebSocket
[FakeOpenHands] WebSocket request received: /sockets/events/5a77d5b6-890e-4d24-873e-3c6488ef806d
[FakeOpenHands] WebSocket accepted
[FakeOpenHands] Sending ready event: ConversationStateUpdateEvent
[PushNewEvents] inserted 21: evt-2@2026-06-29T06:54:12.5553156+00:00,evt-3@2026-06-29T06:54:12.5563156+00:00,evt-4@2026-06-29T06:54:12.5573156+00:00,evt-5@2026-06-29T06:54:12.5583156+00:00,evt-6@2026-06-29T06:54:12.5593156+00:00,evt-7@2026-06-29T06:54:12.5603156+00:00,evt-8@2026-06-29T06:54:12.5613156+00:00,evt-9@2026-06-29T06:54:12.5623156+00:00,evt-10@2026-06-29T06:54:12.5633156+00:00,evt-11@2026-06-29T06:54:12.5643156+00:00,evt-12@2026-06-29T06:54:12.5653156+00:00,evt-13@2026-06-29T06:54:12.5663156+00:00,evt-14@2026-06-29T06:54:12.5673156+00:00,evt-15@2026-06-29T06:54:12.5683156+00:00,evt-16@2026-06-29T06:54:12.5693156+00:00,evt-17@2026-06-29T06:54:12.5703156+00:00,evt-18@2026-06-29T06:54:12.5713156+00:00,evt-19@2026-06-29T06:54:12.5723156+00:00,evt-20@2026-06-29T06:54:12.5733156+00:00,evt-21@2026-06-29T06:54:12.5743156+00:00,evt-22@2026-06-29T06:54:12.5753156+00:00
[PushNewEvents] state=finished terminal=Finished cache=[evt-2,evt-3,evt-4,evt-5,evt-6,evt-7,evt-8,evt-9,evt-10,evt-11,evt-12,evt-13,evt-14,evt-15,evt-16,evt-17,evt-18,evt-19,evt-20,evt-21,evt-22]
[PrepareTurn] baseline count=21, ids=[evt-2,evt-3,evt-4,evt-5,evt-6,evt-7,evt-8,evt-9,evt-10,evt-11,evt-12,evt-13,evt-14,evt-15,evt-16,evt-17,evt-18,evt-19,evt-20,evt-21,evt-22]
[FakeOpenHands] Added event MessageEvent (evt-23), channel count now 0
[FakeOpenHands] Forwarding event MessageEvent (evt-23) over WebSocket
[FakeOpenHands] Added event ConversationStateUpdateEvent (evt-24), channel count now 0
[FakeOpenHands] Forwarding event ConversationStateUpdateEvent (evt-24) over WebSocket
[FakeOpenHands] Added event LLMCompletionLogEvent (evt-25), channel count now 0
[FakeOpenHands] Added event ConversationStateUpdateEvent (evt-26), channel count now 0
[FakeOpenHands] Forwarding event LLMCompletionLogEvent (evt-25) over WebSocket
[FakeOpenHands] Forwarding event ConversationStateUpdateEvent (evt-26) over WebSocket
[FakeOpenHands] WebSocket request received: /sockets/events/5a77d5b6-890e-4d24-873e-3c6488ef806d
[FakeOpenHands] WebSocket accepted
[FakeOpenHands] Sending ready event: ConversationStateUpdateEvent
[PushNewEvents] inserted 25: evt-2@2026-06-29T06:54:12.5553156+00:00,evt-3@2026-06-29T06:54:12.5563156+00:00,evt-4@2026-06-29T06:54:12.5573156+00:00,evt-5@2026-06-29T06:54:12.5583156+00:00,evt-6@2026-06-29T06:54:12.5593156+00:00,evt-7@2026-06-29T06:54:12.5603156+00:00,evt-8@2026-06-29T06:54:12.5613156+00:00,evt-9@2026-06-29T06:54:12.5623156+00:00,evt-10@2026-06-29T06:54:12.5633156+00:00,evt-11@2026-06-29T06:54:12.5643156+00:00,evt-12@2026-06-29T06:54:12.5653156+00:00,evt-13@2026-06-29T06:54:12.5663156+00:00,evt-14@2026-06-29T06:54:12.5673156+00:00,evt-15@2026-06-29T06:54:12.5683156+00:00,evt-16@2026-06-29T06:54:12.5693156+00:00,evt-17@2026-06-29T06:54:12.5703156+00:00,evt-18@2026-06-29T06:54:12.5713156+00:00,evt-19@2026-06-29T06:54:12.5723156+00:00,evt-20@2026-06-29T06:54:12.5733156+00:00,evt-21@2026-06-29T06:54:12.5743156+00:00,evt-22@2026-06-29T06:54:12.5753156+00:00,evt-23@2026-06-29T06:54:12.5763156+00:00,evt-24@2026-06-29T06:54:12.5773156+00:00,evt-25@2026-06-29T06:54:12.5783156+00:00,evt-26@2026-06-29T06:54:12.5793156+00:00
[PushNewEvents] state=finished terminal=Finished cache=[evt-2,evt-3,evt-4,evt-5,evt-6,evt-7,evt-8,evt-9,evt-10,evt-11,evt-12,evt-13,evt-14,evt-15,evt-16,evt-17,evt-18,evt-19,evt-20,evt-21,evt-22,evt-23,evt-24,evt-25,evt-26]
[PrepareTurn] baseline count=25, ids=[evt-2,evt-3,evt-4,evt-5,evt-6,evt-7,evt-8,evt-9,evt-10,evt-11,evt-12,evt-13,evt-14,evt-15,evt-16,evt-17,evt-18,evt-19,evt-20,evt-21,evt-22,evt-23,evt-24,evt-25,evt-26]
[FakeOpenHands] Added event MessageEvent (evt-27), channel count now 0
[FakeOpenHands] Forwarding event MessageEvent (evt-27) over WebSocket
[FakeOpenHands] Added event ConversationStateUpdateEvent (evt-28), channel count now 0
[FakeOpenHands] Forwarding event ConversationStateUpdateEvent (evt-28) over WebSocket
[FakeOpenHands] Added event LLMCompletionLogEvent (evt-29), channel count now 0
[FakeOpenHands] Added event ConversationStateUpdateEvent (evt-30), channel count now 0
[FakeOpenHands] Forwarding event LLMCompletionLogEvent (evt-29) over WebSocket
[FakeOpenHands] Forwarding event ConversationStateUpdateEvent (evt-30) over WebSocket
[FakeOpenHands] WebSocket request received: /sockets/events/5a77d5b6-890e-4d24-873e-3c6488ef806d
[FakeOpenHands] WebSocket accepted
[FakeOpenHands] Sending ready event: ConversationStateUpdateEvent
[PushNewEvents] inserted 29: evt-2@2026-06-29T06:54:12.5553156+00:00,evt-3@2026-06-29T06:54:12.5563156+00:00,evt-4@2026-06-29T06:54:12.5573156+00:00,evt-5@2026-06-29T06:54:12.5583156+00:00,evt-6@2026-06-29T06:54:12.5593156+00:00,evt-7@2026-06-29T06:54:12.5603156+00:00,evt-8@2026-06-29T06:54:12.5613156+00:00,evt-9@2026-06-29T06:54:12.5623156+00:00,evt-10@2026-06-29T06:54:12.5633156+00:00,evt-11@2026-06-29T06:54:12.5643156+00:00,evt-12@2026-06-29T06:54:12.5653156+00:00,evt-13@2026-06-29T06:54:12.5663156+00:00,evt-14@2026-06-29T06:54:12.5673156+00:00,evt-15@2026-06-29T06:54:12.5683156+00:00,evt-16@2026-06-29T06:54:12.5693156+00:00,evt-17@2026-06-29T06:54:12.5703156+00:00,evt-18@2026-06-29T06:54:12.5713156+00:00,evt-19@2026-06-29T06:54:12.5723156+00:00,evt-20@2026-06-29T06:54:12.5733156+00:00,evt-21@2026-06-29T06:54:12.5743156+00:00,evt-22@2026-06-29T06:54:12.5753156+00:00,evt-23@2026-06-29T06:54:12.5763156+00:00,evt-24@2026-06-29T06:54:12.5773156+00:00,evt-25@2026-06-29T06:54:12.5783156+00:00,evt-26@2026-06-29T06:54:12.5793156+00:00,evt-27@2026-06-29T06:54:12.5803156+00:00,evt-28@2026-06-29T06:54:12.5813156+00:00,evt-29@2026-06-29T06:54:12.5823156+00:00,evt-30@2026-06-29T06:54:12.5833156+00:00
[PushNewEvents] state=finished terminal=Finished cache=[evt-2,evt-3,evt-4,evt-5,evt-6,evt-7,evt-8,evt-9,evt-10,evt-11,evt-12,evt-13,evt-14,evt-15,evt-16,evt-17,evt-18,evt-19,evt-20,evt-21,evt-22,evt-23,evt-24,evt-25,evt-26,evt-27,evt-28,evt-29,evt-30]
[PrepareTurn] baseline count=29, ids=[evt-2,evt-3,evt-4,evt-5,evt-6,evt-7,evt-8,evt-9,evt-10,evt-11,evt-12,evt-13,evt-14,evt-15,evt-16,evt-17,evt-18,evt-19,evt-20,evt-21,evt-22,evt-23,evt-24,evt-25,evt-26,evt-27,evt-28,evt-29,evt-30]
[FakeOpenHands] Added event MessageEvent (evt-31), channel count now 0
[FakeOpenHands] Forwarding event MessageEvent (evt-31) over WebSocket
[FakeOpenHands] Added event ConversationStateUpdateEvent (evt-32), channel count now 0
[FakeOpenHands] Forwarding event ConversationStateUpdateEvent (evt-32) over WebSocket
[FakeOpenHands] Added event LLMCompletionLogEvent (evt-33), channel count now 0
[FakeOpenHands] Forwarding event LLMCompletionLogEvent (evt-33) over WebSocket
[FakeOpenHands] Added event ConversationStateUpdateEvent (evt-34), channel count now 0
[FakeOpenHands] Forwarding event ConversationStateUpdateEvent (evt-34) over WebSocket
Shutting down orchestrator
info: Microsoft.Hosting.Lifetime[0]
      Application is shutting down...
Final snapshot: 1 issues
  TEST-1: runtime=RetryQueued, outcome=Failed, path=TEST-1
Run dir exists: True
Openhands dir exists: True
  openhands file: C:\Users\hoang\AppData\Local\Temp\opensymphony-test-5836cb0de1cd49988276f485de11a89d\workspaces\TEST-1\.opensymphony\openhands\create-conversation-request.json
  openhands file: C:\Users\hoang\AppData\Local\Temp\opensymphony-test-5836cb0de1cd49988276f485de11a89d\workspaces\TEST-1\.opensymphony\openhands\last-conversation-state.json
--- last-conversation-state.json ---
{
  "conversation_id": "5a77d5b6-890e-4d24-873e-3c6488ef806d",
  "workspace": {
    "working_dir": "C:\\Users\\hoang\\AppData\\Local\\Temp\\opensymphony-test-5836cb0de1cd49988276f485de11a89d\\workspaces\\TEST-1",
    "kind": "LocalWorkspace"
  },
  "persistence_dir": "C:\\Users\\hoang\\AppData\\Local\\Temp\\opensymphony-test-5836cb0de1cd49988276f485de11a89d\\workspaces\\TEST-1\\.opensymphony/openhands",
  "max_iterations": 500,
  "stuck_detection": true,
  "execution_status": "finished",
  "confirmation_policy": {
    "kind": "NeverConfirm"
  },
  "agent": {
    "kind": "Agent",
    "llm": {
      "model": "openai/gpt-5.4",
      "api_key": null,
      "base_url": null,
      "usage_id": null,
      "extra_headers": null,
      "litellm_extra_body": null,
      "stream": null
    },
    "condenser": {
      "kind": "LLMSummarizingCondenser",
      "llm": {
        "model": "openai/gpt-5.4",
        "api_key": null,
        "base_url": null,
        "usage_id": "condenser",
        "extra_headers": null,
        "litellm_extra_body": null,
        "stream": null
      },
      "max_size": 240,
      "keep_first": 2
    },
    "tools": [
      {
        "name": "terminal",
        "params": {}
      },
      {
        "name": "file_editor",
        "params": {}
      }
    ],
    "include_default_tools": null
  },
  "stats": null
}
---
Create request exists: True
[xUnit.net 00:00:41.66]     OpenSymphony.Cli.Tests.RunIntegrationTests.RunOrchestrator_WithFakeServices_CompletesOneIssue [FAIL]
[xUnit.net 00:00:41.67]       Assert.Equal() Failure: Strings differ
[xUnit.net 00:00:41.67]                  竊・(pos 0)
[xUnit.net 00:00:41.67]       Expected: "succeeded"
[xUnit.net 00:00:41.67]       Actual:   "prepared"
[xUnit.net 00:00:41.67]                  竊・(pos 0)
[xUnit.net 00:00:41.67]       Stack Trace:
[xUnit.net 00:00:41.67]         D:\Learn\dotSymphony\tests\OpenSymphony.Cli.Tests\RunIntegrationTests.cs(132,0): at OpenSymphony.Cli.Tests.RunIntegrationTests.RunOrchestrator_WithFakeServices_CompletesOneIssue()
[xUnit.net 00:00:41.67]         --- End of stack trace from previous location ---
[xUnit.net 00:00:41.69]   Finished:    OpenSymphony.Cli.Tests
  Failed OpenSymphony.Cli.Tests.RunIntegrationTests.RunOrchestrator_WithFakeServices_CompletesOneIssue [41 s]
  Error Message:
   Assert.Equal() Failure: Strings differ
           竊・(pos 0)
Expected: "succeeded"
Actual:   "prepared"
           竊・(pos 0)
  Stack Trace:
     at OpenSymphony.Cli.Tests.RunIntegrationTests.RunOrchestrator_WithFakeServices_CompletesOneIssue() in D:\Learn\dotSymphony\tests\OpenSymphony.Cli.Tests\RunIntegrationTests.cs:line 132
--- End of stack trace from previous location ---

Test Run Failed.
Total tests: 1
     Failed: 1
 Total time: 42.5694 Seconds
     1>Project "D:\Learn\dotSymphony\tests\OpenSymphony.Cli.Tests\OpenSymphony.Cli.Tests.csproj" on node 1 (VSTest target(s)).
     1>_VSTestConsole:
         MSB4181: The "VSTestTask" task returned false but did not log an error.
     1>Done Building Project "D:\Learn\dotSymphony\tests\OpenSymphony.Cli.Tests\OpenSymphony.Cli.Tests.csproj" (VSTest target(s)) -- FAILED.

Build FAILED.
    0 Warning(s)
    0 Error(s)

Time Elapsed 00:00:43.68
